[dear-jean.co.za/index8fdb.html]
[backblue.gif]
[fade.gif]
[index.html]
[dear-jean.co.za/wp-content/plugins/contact-form-7/includes/css/styles6a4d.css]
[dear-jean.co.za/index.html]
[dear-jean.co.za/wp-content/plugins/salient-portfolio/css/portfolioef6d.css]
[dear-jean.co.za/wp-content/uploads/useanyfont/uaf8958.css]
[dear-jean.co.za/wp-content/plugins/wpcf7-redirect/build/assets/frontend-script413f.css]
[dear-jean.co.za/wp-content/plugins/complianz-gdpr/assets/css/cookieblocker.mindba1.css]
[dear-jean.co.za/wp-content/themes/salient/css/font-awesome-legacy.min6996.css]
[dear-jean.co.za/wp-content/themes/salient/css/build/grid-systemab5a.css]
[dear-jean.co.za/wp-content/themes/salient/css/build/styleab5a.css]
[dear-jean.co.za/feed/index.html]
[dear-jean.co.za/wp-content/themes/salient/css/build/header/header-layout-centered-logo-between-menuab5a.css]
[dear-jean.co.za/wp-content/themes/salient/css/build/elements/element-fancy-boxab5a.css]
[dear-jean.co.za/wp-content/themes/salient/css/build/elements/element-interactive-mapab5a.css]
[dear-jean.co.za/wp-content/themes/salient/css/build/elements/element-fancy-unordered-listab5a.css]
[dear-jean.co.za/wp-content/themes/salient/css/build/third-party/cf7ab5a.css]
[dear-jean.co.za/comments/feed/index.html]
[dear-jean.co.za/wp-content/themes/salient/css/build/responsiveab5a.css]
[dear-jean.co.za/wp-content/themes/salient/css/build/plugins/flickityab5a.css]
[dear-jean.co.za/wp-content/themes/salient/css/build/skin-materialab5a.css]
[dear-jean.co.za/wp-content/uploads/salient/menu-dynamicfe7b.css]
[dear-jean.co.za/wp-content/uploads/hurrytimer/css/71d1279a229e35cc7d50.css]
[dear-jean.co.za/wp-content/themes/salient/css/build/plugins/js_composerab5a.css]
[dear-jean.co.za/wp-content/themes/salient/css/salient-dynamic-stylesc47f.css]
[dear-jean.co.za/wp-content/plugins/tochat-be/assets/css/public-tochatbe-stylec412.css]
[dear-jean.co.za/wp-includes/js/jquery/jquery.minf43b.js]
[dear-jean.co.za/wp-includes/js/jquery/jquery-migrate.min5589.js]
[dear-jean.co.za/wp-json/wp/v2/pages/9.json]
[dear-jean.co.za/wp-json/index.html]
[dear-jean.co.za/xmlrpc0db0.php]
[dear-jean.co.za/wp-json/oembed/1.0/embed8a06.json]
[dear-jean.co.za/wp-json/oembed/1.0/embed3170]
[dear-jean.co.za/wp-content/plugins/wordpress-popup/assets/hustle-ui/fonts/hustle-icons-font.woff2]
[dear-jean.co.za/wp-content/uploads/useanyfont/4427Better-Yesterday.woff2]
[dear-jean.co.za/wp-content/uploads/2025/09/cropped-Dear-Jean-Brand-Identity-Elements-FAVICON-32x32.png]
[dear-jean.co.za/wp-content/uploads/2025/09/cropped-Dear-Jean-Brand-Identity-Elements-FAVICON-192x192.png]
[dear-jean.co.za/wp-content/uploads/2025/09/cropped-Dear-Jean-Brand-Identity-Elements-FAVICON-180x180.png]
[dear-jean.co.za/wp-content/uploads/2025/09/Dear-Jean-Brand-Identity-Elements.png]
[dear-jean.co.za/wp-content/uploads/2025/09/DearJean-Logos-01.png]
[dear-jean.co.za/wp-content/uploads/2025/09/Dear-Jean-Hero.jpg]
[dear-jean.co.za/wp-content/uploads/2025/09/Brandmark.png]
[dear-jean.co.za/faqs/index.html]
[dear-jean.co.za/wp-content/uploads/2025/09/Headline.png]
[dear-jean.co.za/wp-content/uploads/2025/09/Mobile-Header-1.png]
[dear-jean.co.za/wp-content/uploads/2025/09/Dear-Jean-Concept.mp4]
[dear-jean.co.za/wp-content/uploads/2025/09/Dear-Jean-_-Postcard-3.mp4]
[dear-jean.co.za/wp-content/uploads/2025/09/Replace-2.jpg]
[dear-jean.co.za/wp-content/uploads/2025/09/Replace-5.jpg]
[dear-jean.co.za/wp-content/uploads/2025/09/Replace-3.jpg]
[dear-jean.co.za/wp-content/uploads/2025/09/Unit-Type-007-Long-Theme-02-Final.jpg]
[dear-jean.co.za/wp-content/uploads/2025/09/Dear-Jean-Studio-3-796x1024.jpg]
[dear-jean.co.za/wp-content/uploads/2025/09/Dear-Jean-Studio-2-796x1024.jpg]
[dear-jean.co.za/wp-content/uploads/2025/09/Dear-Jean-Penthouse-1-796x1024.jpg]
[dear-jean.co.za/wp-content/uploads/2025/09/Dear-Jean-Kitchen-1-796x1024.jpg]
[dear-jean.co.za/wp-content/uploads/2025/09/Dear-Jean-Penthouse-3-796x1024.jpg]
[dear-jean.co.za/wp-content/uploads/2025/09/Kitchen-Theme-1.jpg]
[dear-jean.co.za/wp-content/uploads/2025/09/Kitchen-Theme-2.jpg]
[dear-jean.co.za/wp-content/uploads/2025/09/Dear-Jean-Sea-Point-Apartments-For-Sale-Bathroom-Theme-1.jpg]
[dear-jean.co.za/wp-content/uploads/2025/09/Dear-Jean-Sea-Point-Apartments-For-Sale-Bathroom-Theme-2.jpg]
[dear-jean.co.za/wp-content/uploads/2025/09/Dear-Jean-Hero-Kloof-Road.jpg]
[dear-jean.co.za/wp-content/uploads/2025/09/Mask-1.png]
[dear-jean.co.za/wp-content/uploads/2025/09/Dear-Jean-Sea-Point-Apartments-For-Sale-Lifestyle-1.jpg]
[dear-jean.co.za/wp-content/uploads/2025/09/Dear-Jean-Sea-Point-Apartments-For-Sale-Lifestyle-2.jpg]
[dear-jean.co.za/wp-content/uploads/2025/09/Dear-Jean-Sea-Point-Apartments-For-Sale-Lifestyle-3.jpg]
[dear-jean.co.za/wp-content/uploads/2025/09/Dear-Jean-Aerial-Location.jpg]
[dear-jean.co.za/wp-content/uploads/2025/09/Dear-Jean-Exterior-Heroes-1.jpg]
[dear-jean.co.za/wp-content/uploads/2025/09/Propr-Short-Term-Rental-Projections.pdf]
[dear-jean.co.za/wp-content/uploads/2025/09/Bone-Studio-Furniture-Pack.pdf]
[dear-jean.co.za/wp-content/uploads/2025/09/The-Beautiful-Room-by-Newman.pdf]
[dear-jean.co.za/wp-content/uploads/2025/09/PENTHOUSE-UNIT-TYPE-15A_VIEW-2_REV-3_7000px.jpg]
[dear-jean.co.za/bond-originators/index.html]
[dear-jean.co.za/wp-content/uploads/2025/09/Dear-Jean-Sea-Point-Apartments-For-Sale-9.jpg]
[dear-jean.co.za/wp-content/uploads/2025/09/Dear-Jean-Sea-Point-Apartments-For-Sale-14-1000x600.jpg]
[dear-jean.co.za/wp-content/uploads/2025/09/Dear-Jean-Sea-Point-Apartments-For-Sale-14.jpg]
[dear-jean.co.za/wp-content/uploads/2025/09/Dear-Jean-Sea-Point-Apartments-For-Sale-3-1000x600.jpg]
[dear-jean.co.za/wp-content/uploads/2025/09/Dear-Jean-Sea-Point-Apartments-For-Sale-3.jpg]
[dear-jean.co.za/wp-content/uploads/2025/09/Dear-Jean-Sea-Point-Apartments-For-Sale-13-1000x600.jpg]
[dear-jean.co.za/wp-content/uploads/2025/09/Dear-Jean-Sea-Point-Apartments-For-Sale-13.jpg]
[dear-jean.co.za/wp-content/uploads/2025/09/Dear-Jean-Sea-Point-Apartments-For-Sale-12-1000x600.jpg]
[dear-jean.co.za/wp-content/uploads/2025/09/Dear-Jean-Sea-Point-Apartments-For-Sale-12.jpg]
[dear-jean.co.za/wp-content/uploads/2025/09/Dear-Jean-Sea-Point-Apartments-For-Sale-18-1000x600.jpg]
[dear-jean.co.za/wp-content/uploads/2025/09/Dear-Jean-Sea-Point-Apartments-For-Sale-18.jpg]
[dear-jean.co.za/wp-content/uploads/2025/09/Dear-Jean-Sea-Point-Apartments-For-Sale-8-1000x600.jpg]
[dear-jean.co.za/wp-content/uploads/2025/09/Dear-Jean-Sea-Point-Apartments-For-Sale-8.jpg]
[dear-jean.co.za/wp-content/uploads/2025/09/Dear-Jean-Sea-Point-Apartments-For-Sale-1-1000x600.jpg]
[dear-jean.co.za/wp-content/uploads/2025/09/Dear-Jean-Sea-Point-Apartments-For-Sale-1.jpg]
[dear-jean.co.za/wp-content/uploads/2025/09/Dear-Jean-Sea-Point-Apartments-For-Sale-16-1000x600.jpg]
[dear-jean.co.za/wp-content/uploads/2025/09/Dear-Jean-Sea-Point-Apartments-For-Sale-16.jpg]
[dear-jean.co.za/wp-content/uploads/2025/09/Dear-Jean-PH-1000x600.jpg]
[dear-jean.co.za/wp-content/uploads/2025/09/Dear-Jean-PH.jpg]
[dear-jean.co.za/wp-content/uploads/2025/09/Dear-Jean-Exterior-Heroes-4.jpg]
[dear-jean.co.za/wp-content/uploads/2025/09/Dear-Jean-Logo.png]
[dear-jean.co.za/wp-content/uploads/2025/09/Quote-Pink.png]
[dear-jean.co.za/wp-content/uploads/2025/09/Dear-Jean-Restaurant.jpg]
[dear-jean.co.za/wp-content/uploads/2025/09/1-L_SP_FOYER_R01_EF-copy-scaled.jpg]
[dear-jean.co.za/wp-content/uploads/2025/09/Charlie-The-Chairman-8-1.jpg]
[dear-jean.co.za/wp-content/uploads/2025/09/The-Valour-Highlight.jpg]
[dear-jean.co.za/wp-content/plugins/js_composer_salient/assets/lib/vendor/node_modules/animate.css/animate.minb74b.css]
[dear-jean.co.za/wp-content/themes/salient/css/build/plugins/twentytwenty7d50.css]
[dear-jean.co.za/wp-content/plugins/wordpress-popup/assets/hustle-ui/css/hustle-icons.min908a.css]
[dear-jean.co.za/wp-content/plugins/wordpress-popup/assets/hustle-ui/css/hustle-global.min908a.css]
[dear-jean.co.za/wp-content/plugins/wordpress-popup/assets/hustle-ui/css/hustle-info.min908a.css]
[dear-jean.co.za/wp-content/plugins/wordpress-popup/assets/hustle-ui/css/hustle-popup.min908a.css]
[dear-jean.co.za/wp-content/themes/salient/css/build/style-non-criticalab5a.css]
[dear-jean.co.za/wp-content/themes/salient/css/build/plugins/jquery.fancybox3d36.css]
[dear-jean.co.za/terms-and-conditions/index.html]
[dear-jean.co.za/wp-content/themes/salient/css/build/off-canvas/coreab5a.css]
[dear-jean.co.za/wp-content/themes/salient/css/build/off-canvas/slide-out-right-materialab5a.css]
[dear-jean.co.za/wp-content/themes/salient/css/build/off-canvas/slide-out-right-hoverab5a.css]
[dear-jean.co.za/wp-includes/js/dist/hooks.min4fdd.js]
[dear-jean.co.za/privacy-policy/index.html]
[dear-jean.co.za/wp-includes/js/dist/i18n.minc33c.js]
[dear-jean.co.za/wp-content/plugins/contact-form-7/includes/swv/js/index6a4d.js]
[dear-jean.co.za/wp-content/plugins/contact-form-7/includes/js/index6a4d.js]
[dear-jean.co.za/wp-content/plugins/salient-portfolio/js/third-party/imagesLoaded.mineda1.js]
[dear-jean.co.za/wp-content/plugins/salient-portfolio/js/third-party/isotope.mine87d.js]
[dear-jean.co.za/wp-content/plugins/salient-portfolio/js/salient-portfolioef6d.js]
[dear-jean.co.za/wp-content/plugins/wpcf7-redirect/build/assets/frontend-script413f.js]
[dear-jean.co.za/wp-content/plugins/wordpress-popup/assets/hustle-ui/js/hustle-ui.min908a.js]
[dear-jean.co.za/wp-includes/js/underscore.min3ab8.js]
[dear-jean.co.za/wp-content/plugins/wordpress-popup/assets/js/front.min908a.js]
[dear-jean.co.za/wp-content/themes/salient/js/build/third-party/jquery.easing.min4e44.js]
[dear-jean.co.za/wp-content/themes/salient/js/build/third-party/jquery.mousewheel.mina9d5.js]
[dear-jean.co.za/wp-content/themes/salient/js/build/priorityab5a.js]
[dear-jean.co.za/wp-content/themes/salient/js/build/third-party/transit.mine2dc.js]
[dear-jean.co.za/wp-content/themes/salient/js/build/third-party/waypoints05da.js]
[dear-jean.co.za/wp-content/themes/salient/js/build/third-party/hoverintent.min3aa8.js]
[dear-jean.co.za/wp-content/themes/salient/js/build/third-party/jquery.fancybox7558.js]
[dear-jean.co.za/wp-content/themes/salient/js/build/third-party/anime.min8686.js]
[dear-jean.co.za/wp-content/plugins/salient-core/js/third-party/jquery.twentytwenty6173.js]
[dear-jean.co.za/wp-content/themes/salient/js/build/third-party/flickity95b8.js]
[dear-jean.co.za/wp-content/themes/salient/js/build/third-party/superfish0322.js]
[dear-jean.co.za/wp-content/themes/salient/js/build/initab5a.js]
[dear-jean.co.za/wp-content/plugins/salient-core/js/third-party/touchswipe.min5152.js]
[dear-jean.co.za/wp-content/plugins/hurrytimer/assets/js/cookie.mina1c3.js]
[dear-jean.co.za/wp-content/plugins/hurrytimer/assets/js/jquery.countdown.min3601.js]
[dear-jean.co.za/wp-content/plugins/hurrytimer/assets/js/hurrytimer5b0f.js]
[www.google.com/recaptcha/apided0.js]
[dear-jean.co.za/wp-includes/js/dist/vendor/wp-polyfill.min2c7c.js]
[dear-jean.co.za/wp-content/plugins/contact-form-7/modules/recaptcha/index6a4d.js]
[dear-jean.co.za/wp-content/plugins/tochat-be/assets/js/public-tochatbe-scriptc412.js]
[dear-jean.co.za/wp-content/plugins/complianz-gdpr/cookiebanner/js/complianz.mine360.js]
[dear-jean.co.za/wp-content/plugins/js_composer_salient/assets/js/dist/js_composer_front.minb74b.js]
[dear-jean.co.za/wp-content/themes/salient/js/build/mapd7c2.js]
[dear-jean.co.za/wp-content/uploads/2025/09/Lorin.jpg]
[dear-jean.co.za/index8fdb.html]
[dear-jean.co.za/wp-content/plugins/pixelyoursite/dist/scripts/jquery.bind-first-0.2.3.min7d50.js]
[dear-jean.co.za/wp-content/plugins/pixelyoursite/dist/scripts/js.cookie-2.1.3.min4c71.js]
[dear-jean.co.za/wp-content/plugins/pixelyoursite/dist/scripts/tld.min254d.js]
[dear-jean.co.za/index.html]
[dear-jean.co.za/wp-content/plugins/contact-form-7/includes/css/styles6a4d.css]
[dear-jean.co.za/wp-content/plugins/pixelyoursite/dist/scripts/publicef10.js]
[dear-jean.co.za/wp-content/plugins/salient-portfolio/img/transparent.png]
[dear-jean.co.za/wp-content/plugins/salient-portfolio/css/portfolioef6d.css]
[dear-jean.co.za/wp-content/uploads/useanyfont/4427Better-Yesterday.woff]
[dear-jean.co.za/wp-content/uploads/useanyfont/uaf8958.css]
[dear-jean.co.za/wp-content/plugins/wpcf7-redirect/build/assets/frontend-script413f.css]
[dear-jean.co.za/wp-content/plugins/complianz-gdpr/assets/css/cookieblocker.mindba1.css]
[dear-jean.co.za/wp-content/themes/salient/css/fonts/fontawesome-webfont3ea6.eot]
[dear-jean.co.za/wp-content/themes/salient/css/fonts/fontawesome-webfontd41d.eot]
[dear-jean.co.za/wp-content/themes/salient/css/fonts/fontawesome-webfont3ea6.woff]
[dear-jean.co.za/wp-content/themes/salient/css/fonts/fontawesome-webfont3ea6.ttf]
[dear-jean.co.za/wp-content/themes/salient/css/font-awesome-legacy.min6996.css]
[dear-jean.co.za/wp-content/themes/salient/css/build/grid-systemab5a.css]
[dear-jean.co.za/wp-content/themes/salient/img/icons/loading-white-bg.gif]
[dear-jean.co.za/wp-content/themes/salient/img/icons/quote.png]
[dear-jean.co.za/wp-content/themes/salient/img/icons/link.png]
[dear-jean.co.za/wp-content/themes/salient/img/icons/status.png]
[dear-jean.co.za/wp-content/themes/salient/img/icons/quote-2x.png]
[dear-jean.co.za/wp-content/themes/salient/img/icons/link-2x.png]
[dear-jean.co.za/wp-content/themes/salient/img/icons/portfolio-arrows.png]
[dear-jean.co.za/wp-content/themes/salient/img/icons/portfolio-arrows-2x.png]
[dear-jean.co.za/wp-content/themes/salient/img/icons/comment-children-line.jpg]
[dear-jean.co.za/wp-content/themes/salient/css/fonts/icomoon3cc5.eot]
[dear-jean.co.za/wp-content/themes/salient/css/fonts/icomoond41d.eot]
[dear-jean.co.za/wp-content/themes/salient/css/fonts/icomoon3cc5.woff]
[dear-jean.co.za/wp-content/themes/salient/css/fonts/icomoon3cc5.ttf]
[dear-jean.co.za/wp-content/themes/salient/css/build/styleab5a.css]
[dear-jean.co.za/wp-content/themes/salient/css/build/header/header-layout-centered-logo-between-menuab5a.css]
[dear-jean.co.za/wp-content/themes/salient/css/build/elements/element-fancy-boxab5a.css]
[dear-jean.co.za/wp-content/themes/salient/img/icons/leaflet/marker-shadow.png]
[dear-jean.co.za/wp-content/themes/salient/css/build/elements/element-interactive-mapab5a.css]
[dear-jean.co.za/wp-content/themes/salient/css/build/elements/element-fancy-unordered-listab5a.css]
[dear-jean.co.za/wp-content/themes/salient/css/build/third-party/cf7ab5a.css]
[dear-jean.co.za/wp-content/themes/salient/css/build/responsiveab5a.css]
[dear-jean.co.za/wp-content/themes/salient/css/build/plugins/flickityab5a.css]
[dear-jean.co.za/wp-content/themes/salient/css/build/skin-materialab5a.css]
[dear-jean.co.za/wp-content/uploads/salient/menu-dynamicfe7b.css]
[dear-jean.co.za/wp-content/uploads/hurrytimer/css/71d1279a229e35cc7d50.css]
[dear-jean.co.za/wp-content/themes/salient/css/build/plugins/js_composerab5a.css]
[dear-jean.co.za/wp-content/themes/salient/css/salient-dynamic-stylesc47f.css]
[dear-jean.co.za/wp-content/plugins/tochat-be/assets/css/public-tochatbe-stylec412.css]
[www.googletagmanager.com/gtm5445.html]
[dear-jean.co.za/wp-content/themes/salient/css/build/elements/element-togglesab5a.css]
[dear-jean.co.za/wp-json/wp/v2/pages/284.json]
[dear-jean.co.za/wp-json/oembed/1.0/embedb8ac.json]
[dear-jean.co.za/wp-json/oembed/1.0/embedd46c]
[dear-jean.co.za/faqs/index.html]
[dear-jean.co.za/wp-content/uploads/2025/09/Dear-Jean-Brand-Identity-42-1.svg]
[dear-jean.co.za/wp-content/uploads/salient/menu-dynamice9ae.css]
[dear-jean.co.za/wp-json/wp/v2/pages/200.json]
[dear-jean.co.za/wp-json/oembed/1.0/embed37a7.json]
[dear-jean.co.za/wp-json/oembed/1.0/embedba29]
[dear-jean.co.za/wp-content/uploads/2025/09/Ooba-1.png]
[dear-jean.co.za/wp-content/uploads/2025/09/BB-1.png]
[dear-jean.co.za/bond-originators/index.html]
[dear-jean.co.za/wp-content/uploads/2025/09/Quorum-Holdings-1.svg]
[dear-jean.co.za/wp-json/wp/v2/pages/3.json]
[dear-jean.co.za/privacy-policy/feed/index.html]
[dear-jean.co.za/wp-json/oembed/1.0/embed7d8b.json]
[dear-jean.co.za/wp-json/oembed/1.0/embed79c0]
[dear-jean.co.za/privacy-policy/index.html]
[dear-jean.co.za/wp-json/wp/v2/pages/340.json]
[dear-jean.co.za/wp-json/oembed/1.0/embed4783.json]
[dear-jean.co.za/wp-json/oembed/1.0/embedac51]
[dear-jean.co.za/terms-and-conditions/index.html]
[dear-jean.co.za/wp-content/plugins/js_composer_salient/assets/lib/vendor/node_modules/animate.css/animate.minb74b.css]
[dear-jean.co.za/wp-content/themes/salient/css/build/plugins/twentytwenty7d50.css]
[dear-jean.co.za/wp-content/plugins/wordpress-popup/assets/hustle-ui/fonts/hustle-icons-font.woff]
[dear-jean.co.za/wp-content/plugins/wordpress-popup/assets/hustle-ui/css/hustle-icons.min908a.css]
[dear-jean.co.za/wp-content/plugins/wordpress-popup/assets/hustle-ui/css/hustle-global.min908a.css]
[dear-jean.co.za/wp-content/plugins/wordpress-popup/assets/hustle-ui/css/hustle-info.min908a.css]
[dear-jean.co.za/wp-content/plugins/wordpress-popup/assets/hustle-ui/css/hustle-popup.min908a.css]
[dear-jean.co.za/wp-content/themes/salient/css/build/style-non-criticalab5a.css]
[dear-jean.co.za/wp-content/themes/salient/css/build/plugins/jquery.fancybox3d36.css]
[dear-jean.co.za/wp-content/themes/salient/css/build/off-canvas/coreab5a.css]
[dear-jean.co.za/wp-content/themes/salient/css/build/off-canvas/slide-out-right-materialab5a.css]
[dear-jean.co.za/wp-content/themes/salient/css/build/off-canvas/slide-out-right-hoverab5a.css]
[dear-jean.co.za/wp-content/themes/salient/css/fonts/fontawesome-webfont.svg]
[dear-jean.co.za/wp-content/themes/salient/css/fonts/icomoon.svg]
[dear-jean.co.za/wp-content/themes/salient/css/build/elements/element-togglesab5a.css]
[dear-jean.co.za/wp-content/uploads/salient/menu-dynamice9ae.css]
